﻿[36mvite v5.4.21 [32mbuilding for production...[36m[39m
transforming...
[32mΓ£ô[39m 504 modules transformed.
node.exe : [31mx[39m 
Build failed in 1.44s
At line:1 char:1
+ & "C:\Program 
Files\nodejs/node.exe" "C:\U
sers\DELL\AppData\Roaming\n 
...
+ ~~~~~~~~~~~~~~~~~~~~~~~~~~
~~~~~~~~~~~~~~~~~~~~~~~~~~~~
~~~~~~~~~~~~~~~
    + CategoryInfo          
    : NotSpecified: ([31m  
  x[39m Build failed in    
 1.44s:String) [], Remot    
eException
    + FullyQualifiedErrorId 
    : NativeCommandError
 
[31merror during build:
[31msrc/pages/admin/AddStaf
fForm.jsx (3:9): "addStaff" 
is not exported by 
"src/api/api.js", imported 
by "src/pages/admin/AddStaff
Form.jsx".[31m
file: [36mC:/Users/DELL/Des
ktop/Anomous BirD/Sohail 
Final Project/GMS VS/fronten
d/src/pages/admin/AddStaffFo
rm.jsx:3:9[31m
[33m
1: 
2: import React, { useState 
} from 'react';
3: import { addStaff } from 
'../../api/api.js';
            ^
4: import toast from 
'react-hot-toast';
[31m
    at getRollupError (file:
///C:/Users/DELL/Desktop/Ano
mous%20BirD/Sohail%20Final%2
0Project/GMS%20VS/frontend/n
ode_modules/rollup/dist/es/s
hared/parseAst.js:401:41)
    at error (file:///C:/Use
rs/DELL/Desktop/Anomous%20Bi
rD/Sohail%20Final%20Project/
GMS%20VS/frontend/node_modul
es/rollup/dist/es/shared/par
seAst.js:397:42)
    at Module.error (file://
/C:/Users/DELL/Desktop/Anomo
us%20BirD/Sohail%20Final%20P
roject/GMS%20VS/frontend/nod
e_modules/rollup/dist/es/sha
red/node-entry.js:16956:16)
    at Module.traceVariable 
(file:///C:/Users/DELL/Deskt
op/Anomous%20BirD/Sohail%20F
inal%20Project/GMS%20VS/fron
tend/node_modules/rollup/dis
t/es/shared/node-entry.js:17
412:29)
    at 
ModuleScope.findVariable (fi
le:///C:/Users/DELL/Desktop/
Anomous%20BirD/Sohail%20Fina
l%20Project/GMS%20VS/fronten
d/node_modules/rollup/dist/e
s/shared/node-entry.js:15076
:39)
    at 
FunctionScope.findVariable (
file:///C:/Users/DELL/Deskto
p/Anomous%20BirD/Sohail%20Fi
nal%20Project/GMS%20VS/front
end/node_modules/rollup/dist
/es/shared/node-entry.js:564
9:38)
    at FunctionBodyScope.fin
dVariable (file:///C:/Users/
DELL/Desktop/Anomous%20BirD/
Sohail%20Final%20Project/GMS
%20VS/frontend/node_modules/
rollup/dist/es/shared/node-e
ntry.js:5649:38)
    at ReturnValueScope.find
Variable (file:///C:/Users/D
ELL/Desktop/Anomous%20BirD/S
ohail%20Final%20Project/GMS%
20VS/frontend/node_modules/r
ollup/dist/es/shared/node-en
try.js:5649:38)
    at FunctionBodyScope.fin
dVariable (file:///C:/Users/
DELL/Desktop/Anomous%20BirD/
Sohail%20Final%20Project/GMS
%20VS/frontend/node_modules/
rollup/dist/es/shared/node-e
ntry.js:5649:38)
    at 
BlockScope.findVariable (fil
e:///C:/Users/DELL/Desktop/A
nomous%20BirD/Sohail%20Final
%20Project/GMS%20VS/frontend
/node_modules/rollup/dist/es
/shared/node-entry.js:5649:3
8)[39m
